SET
SET
SET
SET
SET
 set_config 
------------
 
(1 row)

SET
SET
SET
SET
CREATE TYPE
CREATE TYPE
CREATE TYPE
CREATE TYPE
ERROR:  role "mmuser" does not exist
ERROR:  role "mmuser" does not exist
ERROR:  role "mmuser" does not exist
ERROR:  role "mmuser" does not exist
CREATE TYPE
SET
SET
CREATE TABLE
CREATE TABLE
CREATE TABLE
CREATE TABLE
CREATE TABLE
CREATE TABLE
CREATE TABLE
CREATE TABLE
CREATE TABLE
CREATE TABLE
CREATE TABLE
CREATE TABLE
CREATE TABLE
CREATE TABLE
CREATE TABLE
CREATE TABLE
CREATE TABLE
CREATE TABLE
CREATE TABLE
CREATE TABLE
CREATE TABLE
CREATE TABLE
CREATE TABLE
CREATE TABLE
CREATE TABLE
CREATE TABLE
CREATE TABLE
CREATE TABLE
CREATE TABLE
CREATE TABLE
CREATE TABLE
CREATE TABLE
CREATE TABLE
CREATE TABLE
CREATE TABLE
CREATE TABLE
CREATE TABLE
CREATE TABLE
CREATE TABLE
CREATE TABLE
CREATE TABLE
CREATE TABLE
CREATE TABLE
CREATE TABLE
CREATE TABLE
ERROR:  role "mmuser" does not exist
ERROR:  role "mmuser" does not exist
ERROR:  role "mmuser" does not exist
ERROR:  role "mmuser" does not exist
ERROR:  role "mmuser" does not exist
ERROR:  role "mmuser" does not exist
ERROR:  role "mmuser" does not exist
ERROR:  role "mmuser" does not exist
ERROR:  role "mmuser" does not exist
ERROR:  role "mmuser" does not exist
ERROR:  role "mmuser" does not exist
ERROR:  role "mmuser" does not exist
ERROR:  role "mmuser" does not exist
ERROR:  role "mmuser" does not exist
ERROR:  role "mmuser" does not exist
ERROR:  role "mmuser" does not exist
ERROR:  role "mmuser" does not exist
ERROR:  role "mmuser" does not exist
ERROR:  role "mmuser" does not exist
ERROR:  role "mmuser" does not exist
ERROR:  role "mmuser" does not exist
ERROR:  role "mmuser" does not exist
ERROR:  role "mmuser" does not exist
ERROR:  role "mmuser" does not exist
ERROR:  role "mmuser" does not exist
ERROR:  role "mmuser" does not exist
ERROR:  role "mmuser" does not exist
ERROR:  role "mmuser" does not exist
ERROR:  role "mmuser" does not exist
ERROR:  role "mmuser" does not exist
ERROR:  role "mmuser" does not exist
ERROR:  role "mmuser" does not exist
ERROR:  role "mmuser" does not exist
ERROR:  role "mmuser" does not exist
ERROR:  role "mmuser" does not exist
ERROR:  role "mmuser" does not exist
ERROR:  role "mmuser" does not exist
ERROR:  role "mmuser" does not exist
ERROR:  role "mmuser" does not exist
ERROR:  role "mmuser" does not exist
ERROR:  role "mmuser" does not exist
ERROR:  role "mmuser" does not exist
ERROR:  role "mmuser" does not exist
ERROR:  role "mmuser" does not exist
ERROR:  role "mmuser" does not exist
ERROR:  role "mmuser" does not exist
CREATE TABLE
ERROR:  role "mmuser" does not exist
CREATE TABLE
ERROR:  role "mmuser" does not exist
CREATE TABLE
CREATE TABLE
CREATE TABLE
CREATE TABLE
CREATE TABLE
CREATE TABLE
CREATE TABLE
CREATE TABLE
CREATE TABLE
CREATE TABLE
CREATE TABLE
CREATE TABLE
CREATE TABLE
CREATE TABLE
CREATE TABLE
CREATE TABLE
CREATE TABLE
CREATE MATERIALIZED VIEW
CREATE TABLE
CREATE TABLE
CREATE TABLE
CREATE TABLE
CREATE TABLE
CREATE TABLE
CREATE TABLE
CREATE TABLE
CREATE TABLE
CREATE TABLE
ERROR:  role "mmuser" does not exist
ERROR:  role "mmuser" does not exist
ERROR:  role "mmuser" does not exist
ERROR:  role "mmuser" does not exist
ERROR:  role "mmuser" does not exist
ERROR:  role "mmuser" does not exist
ERROR:  role "mmuser" does not exist
ERROR:  role "mmuser" does not exist
ERROR:  role "mmuser" does not exist
ERROR:  role "mmuser" does not exist
ERROR:  role "mmuser" does not exist
ERROR:  role "mmuser" does not exist
ERROR:  role "mmuser" does not exist
ERROR:  role "mmuser" does not exist
ERROR:  role "mmuser" does not exist
ERROR:  role "mmuser" does not exist
ERROR:  role "mmuser" does not exist
ERROR:  role "mmuser" does not exist
ERROR:  role "mmuser" does not exist
ERROR:  role "mmuser" does not exist
ERROR:  role "mmuser" does not exist
ERROR:  role "mmuser" does not exist
ERROR:  role "mmuser" does not exist
ERROR:  role "mmuser" does not exist
ERROR:  role "mmuser" does not exist
ERROR:  role "mmuser" does not exist
ERROR:  role "mmuser" does not exist
ERROR:  role "mmuser" does not exist
CREATE TABLE
ERROR:  role "mmuser" does not exist
CREATE TABLE
ERROR:  role "mmuser" does not exist
CREATE TABLE
ERROR:  role "mmuser" does not exist
CREATE TABLE
ERROR:  role "mmuser" does not exist
CREATE TABLE
ERROR:  role "mmuser" does not exist
CREATE TABLE
ERROR:  role "mmuser" does not exist
CREATE TABLE
ERROR:  role "mmuser" does not exist
CREATE TABLE
ERROR:  role "mmuser" does not exist
CREATE TABLE
ERROR:  role "mmuser" does not exist
CREATE TABLE
ERROR:  role "mmuser" does not exist
CREATE TABLE
ERROR:  role "mmuser" does not exist
CREATE TABLE
ERROR:  role "mmuser" does not exist
CREATE TABLE
ERROR:  role "mmuser" does not exist
CREATE TABLE
ERROR:  role "mmuser" does not exist
CREATE TABLE
ERROR:  role "mmuser" does not exist
CREATE TABLE
ERROR:  role "mmuser" does not exist
CREATE TABLE
ERROR:  role "mmuser" does not exist
CREATE TABLE
ERROR:  role "mmuser" does not exist
CREATE TABLE
ERROR:  role "mmuser" does not exist
CREATE TABLE
ERROR:  role "mmuser" does not exist
CREATE TABLE
ERROR:  role "mmuser" does not exist
CREATE TABLE
ERROR:  role "mmuser" does not exist
CREATE TABLE
ERROR:  role "mmuser" does not exist
CREATE TABLE
ERROR:  role "mmuser" does not exist
COPY 73437
COPY 6
COPY 0
COPY 0
COPY 0
COPY 0
COPY 0
COPY 684128
COPY 4676228
COPY 272168
COPY 0
COPY 0
COPY 0
COPY 0
COPY 0
COPY 127
COPY 4
COPY 0
COPY 0
COPY 0
COPY 1731
COPY 36
COPY 36
COPY 1
COPY 0
COPY 0
COPY 1
COPY 0
COPY 0
COPY 0
COPY 0
COPY 0
COPY 0
COPY 0
COPY 0
COPY 0
COPY 0
COPY 0
COPY 0
COPY 0
COPY 0
COPY 0
COPY 0
COPY 0
COPY 1
COPY 0
COPY 0
COPY 0
COPY 1249
COPY 1
COPY 2241
COPY 0
COPY 0
COPY 0
COPY 0
COPY 0
COPY 0
COPY 0
COPY 0
COPY 6224
COPY 0
COPY 0
COPY 11841269
COPY 0
COPY 2035125
COPY 0
COPY 3125
COPY 2410477
COPY 0
COPY 0
COPY 0
COPY 0
COPY 0
COPY 0
COPY 22
COPY 0
COPY 1
COPY 0
COPY 2
COPY 0
COPY 0
COPY 0
COPY 0
COPY 21003
COPY 37
COPY 7002
COPY 65
COPY 25164
COPY 2
COPY 0
COPY 765546
COPY 847646
COPY 0
COPY 0
COPY 0
COPY 0
COPY 16088
COPY 0
ALTER TABLE
ALTER TABLE
ALTER TABLE
ALTER TABLE
ALTER TABLE
ALTER TABLE
ALTER TABLE
ALTER TABLE
ALTER TABLE
ALTER TABLE
ALTER TABLE
ALTER TABLE
ALTER TABLE
ALTER TABLE
ALTER TABLE
ALTER TABLE
ALTER TABLE
ALTER TABLE
ALTER TABLE
ALTER TABLE
ALTER TABLE
ALTER TABLE
ALTER TABLE
ALTER TABLE
ALTER TABLE
ALTER TABLE
ALTER TABLE
ALTER TABLE
ALTER TABLE
ALTER TABLE
ALTER TABLE
ALTER TABLE
ALTER TABLE
ALTER TABLE
ALTER TABLE
ALTER TABLE
ALTER TABLE
ALTER TABLE
ALTER TABLE
ALTER TABLE
ALTER TABLE
ALTER TABLE
ALTER TABLE
ALTER TABLE
ALTER TABLE
ALTER TABLE
ALTER TABLE
ALTER TABLE
ALTER TABLE
ALTER TABLE
ALTER TABLE
ALTER TABLE
ALTER TABLE
ALTER TABLE
ALTER TABLE
ALTER TABLE
ALTER TABLE
ALTER TABLE
ALTER TABLE
ALTER TABLE
ALTER TABLE
ALTER TABLE
ALTER TABLE
ALTER TABLE
ALTER TABLE
ALTER TABLE
ALTER TABLE
ALTER TABLE
ALTER TABLE
ALTER TABLE
ALTER TABLE
ALTER TABLE
ALTER TABLE
ALTER TABLE
ALTER TABLE
ALTER TABLE
ALTER TABLE
ALTER TABLE
ALTER TABLE
ALTER TABLE
ALTER TABLE
ALTER TABLE
ALTER TABLE
ALTER TABLE
ALTER TABLE
ALTER TABLE
ALTER TABLE
ALTER TABLE
ALTER TABLE
ALTER TABLE
ALTER TABLE
ALTER TABLE
ALTER TABLE
ALTER TABLE
ALTER TABLE
ALTER TABLE
ALTER TABLE
ALTER TABLE
ALTER TABLE
ALTER TABLE
ALTER TABLE
ALTER TABLE
ALTER TABLE
ALTER TABLE
ALTER TABLE
ALTER TABLE
ALTER TABLE
ALTER TABLE
ALTER TABLE
ALTER TABLE
ALTER TABLE
ALTER TABLE
ALTER TABLE
ALTER TABLE
ALTER TABLE
ALTER TABLE
ALTER TABLE
ALTER TABLE
CREATE INDEX
CREATE INDEX
CREATE INDEX
CREATE INDEX
CREATE INDEX
CREATE INDEX
CREATE INDEX
CREATE INDEX
CREATE INDEX
CREATE INDEX
CREATE INDEX
CREATE INDEX
CREATE INDEX
CREATE INDEX
CREATE INDEX
CREATE INDEX
CREATE INDEX
CREATE INDEX
CREATE INDEX
CREATE INDEX
CREATE INDEX
CREATE INDEX
CREATE INDEX
CREATE INDEX
CREATE INDEX
CREATE INDEX
CREATE INDEX
CREATE INDEX
CREATE INDEX
CREATE INDEX
CREATE INDEX
CREATE INDEX
CREATE INDEX
CREATE INDEX
CREATE INDEX
CREATE INDEX
CREATE INDEX
CREATE INDEX
CREATE INDEX
CREATE INDEX
CREATE INDEX
CREATE INDEX
CREATE INDEX
CREATE INDEX
CREATE INDEX
CREATE INDEX
CREATE INDEX
CREATE INDEX
CREATE INDEX
CREATE INDEX
CREATE INDEX
CREATE INDEX
CREATE INDEX
CREATE INDEX
CREATE INDEX
CREATE INDEX
CREATE INDEX
CREATE INDEX
CREATE INDEX
CREATE INDEX
CREATE INDEX
CREATE INDEX
CREATE INDEX
CREATE INDEX
CREATE INDEX
CREATE INDEX
CREATE INDEX
CREATE INDEX
CREATE INDEX
CREATE INDEX
CREATE INDEX
CREATE INDEX
CREATE INDEX
CREATE INDEX
CREATE INDEX
CREATE INDEX
CREATE INDEX
CREATE INDEX
CREATE INDEX
CREATE INDEX
CREATE INDEX
CREATE INDEX
CREATE INDEX
CREATE INDEX
CREATE INDEX
CREATE INDEX
CREATE INDEX
CREATE INDEX
CREATE INDEX
CREATE INDEX
CREATE INDEX
CREATE INDEX
CREATE INDEX
CREATE INDEX
CREATE INDEX
CREATE INDEX
CREATE INDEX
CREATE INDEX
CREATE INDEX
CREATE INDEX
CREATE INDEX
CREATE INDEX
CREATE INDEX
CREATE INDEX
CREATE INDEX
CREATE INDEX
CREATE INDEX
CREATE INDEX
CREATE INDEX
CREATE INDEX
CREATE INDEX
CREATE INDEX
CREATE INDEX
CREATE INDEX
CREATE INDEX
CREATE INDEX
CREATE INDEX
CREATE INDEX
CREATE INDEX
CREATE INDEX
CREATE INDEX
CREATE INDEX
CREATE INDEX
CREATE INDEX
CREATE INDEX
CREATE INDEX
CREATE INDEX
CREATE INDEX
CREATE INDEX
CREATE INDEX
CREATE INDEX
CREATE INDEX
CREATE INDEX
CREATE INDEX
CREATE INDEX
CREATE INDEX
CREATE INDEX
CREATE INDEX
CREATE INDEX
CREATE INDEX
CREATE INDEX
CREATE INDEX
CREATE INDEX
CREATE INDEX
CREATE INDEX
CREATE INDEX
CREATE INDEX
CREATE INDEX
ALTER TABLE
ALTER TABLE
ALTER TABLE
ALTER TABLE
ALTER TABLE
ALTER TABLE
ALTER TABLE
ALTER TABLE
ALTER TABLE
ALTER TABLE
ALTER TABLE
ALTER TABLE
ERROR:  role "rdsadmin" does not exist
REVOKE
ERROR:  role "mmuser" does not exist
GRANT
REFRESH MATERIALIZED VIEW
